<html>
<body>
<pre>
<h1>礦ision Build Log</h1>
<h2>Tool Versions:</h2>
IDE-Version: μVision V5.24.2.0
Copyright (C) 2017 ARM Ltd and ARM Germany GmbH. All rights reserved.
License Information: f 15058204812@163.com, f, LIC=X96CK-ZMQ9Y-DYWV3-AQKZG-2IWF2-795LT
 
Tool Versions:
Toolchain:       MDK-ARM Plus  Version: 5.24.1
Toolchain Path:  D:\download_any\keil5\ARM\ARMCC\Bin
C Compiler:      Armcc.exe V5.06 update 5 (build 528)
Assembler:       Armasm.exe V5.06 update 5 (build 528)
Linker/Locator:  ArmLink.exe V5.06 update 5 (build 528)
Library Manager: ArmAr.exe V5.06 update 5 (build 528)
Hex Converter:   FromElf.exe V5.06 update 5 (build 528)
CPU DLL:         SARMCM3.DLL V5.24.1
Dialog DLL:      DCM.DLL V1.16.0.0
Target DLL:      STLink\ST-LINKIII-KEIL_SWO.dll V3.0.1.0
Dialog DLL:      TCM.DLL V1.32.0.0
 
<h2>Project:</h2>
C:\Users\15058\Desktop\实验60 综合测试实验(硬件V3.4版本)\Projects\MDK-ARM\atk_f407.uvprojx
Project File Date:  12/11/2025

<h2>Output:</h2>
*** Using Compiler 'V5.06 update 5 (build 528)', folder: 'D:\download_any\keil5\ARM\ARMCC\Bin'
Build target 'TEST'
assembling startup_stm32f407xx.s...
compiling exeplay.c...
compiling ebook.c...
compiling lyric.c...
compiling picviewer.c...
compiling notepad.c...
compiling calendar.c...
compiling phoneplay.c...
compiling spb.c...
compiling common.c...
compiling settings.c...
compiling audioplay.c...
compiling videoplay.c...
compiling nesplay.c...
compiling main.c...
compiling ledplay.c...
compiling paint.c...
compiling keyplay.c...
compiling appplay.c...
compiling appplay_compass.c...
compiling wirelessplay.c...
compiling camera.c...
compiling vmeterplay.c...
compiling appplay_remote.c...
compiling calculator.c...
compiling usbplay.c...
compiling recorder.c...
compiling netplay.c...
compiling led.c...
compiling key.c...
compiling spi.c...
compiling sram.c...
compiling tpad.c...
compiling sys.c...
compiling norflash.c...
compiling sdio_sdcard.c...
compiling beepplay.c...
compiling i2s.c...
compiling lcd.c...
compiling usart.c...
compiling es8388.c...
compiling delay.c...
compiling myiic.c...
compiling 24cxx.c...
compiling ds18b20.c...
compiling ctiic.c...
compiling usart3.c...
compiling spblcd.c...
compiling remote.c...
compiling touch.c...
compiling gsm.c...
compiling ft5206.c...
compiling gt9xxx.c...
compiling adc.c...
compiling timer.c...
compiling rtc.c...
compiling beep.c...
compiling lsens.c...
compiling dma.c...
compiling adc3.c...
compiling sccb.c...
compiling nrf24l01.c...
compiling ov2640.c...
compiling usmart.c...
compiling qma6100p.c...
compiling malloc.c...
compiling st480mc.c...
compiling ethernet.c...
compiling stm32f4x7_eth.c...
compiling dcmi.c...
compiling ff.c...
compiling usmart_port.c...
compiling usmart_str.c...
compiling usmart_config.c...
compiling myffunicode.c...
compiling piclib.c...
compiling diskio.c...
compiling exfuns.c...
compiling fattester.c...
compiling fonts.c...
compiling gif.c...
compiling bmp.c...
compiling ffsystem.c...
compiling tjpgd.c...
assembling cpu_a.asm...
compiling cpu_c.c...
compiling text.c...
compiling lib_ascii.c...
compiling cpu_core.c...
compiling lib_math.c...
compiling lib_mem.c...
compiling lib_str.c...
assembling os_cpu_a.asm...
compiling os_dbg.c...
compiling os_cpu_c.c...
compiling os_core.c...
compiling os_flag.c...
compiling os_mbox.c...
compiling os_mem.c...
compiling os_mutex.c...
compiling os_q.c...
compiling os_sem.c...
compiling os_time.c...
compiling os_tmr.c...
compiling os_task.c...
compiling button.c...
compiling edit.c...
compiling bitstream.c...
compiling filelistbox.c...
compiling dct32.c...
compiling dequant.c...
compiling huffman.c...
compiling dqchan.c...
compiling hufftabs.c...
compiling bsp_cpu.c...
compiling progressbar.c...
compiling window.c...
compiling scrollbar.c...
compiling memo.c...
compiling listbox.c...
compiling gui.c...
compiling buffers.c...
compiling app_hooks.c...
compiling mp3play.c...
compiling wavplay.c...
compiling mp3dec.c...
compiling subband.c...
compiling mp3tabs.c...
assembling asmmisc_rvds.s...
assembling asmpoly_thumb2_rvds.s...
compiling imdct.c...
compiling trigtabs.c...
compiling scalfact.c...
compiling tables.c...
compiling bitstreamf.c...
compiling stproc.c...
compiling entropy.c...
compiling predictor.c...
assembling predictor-arm.S...
compiling jaricom.c...
compiling jcomapi.c...
compiling jutils.c...
compiling jerror.c...
compiling jdapimin.c...
compiling jmemmgr.c...
compiling jdapistd.c...
compiling jdarith.c...
compiling jdmaster.c...
compiling jdinput.c...
compiling jdmainct.c...
compiling flacdecoder.c...
compiling jdmarker.c...
compiling jdhuff.c...
compiling filter_16_11.c...
compiling jdcoefct.c...
compiling parser.c...
compiling avi.c...
compiling apedecoder.c...
compiling jdpostct.c...
compiling jddctmgr.c...
compiling filter_64_11.c...
compiling jidctflt.c...
compiling jidctfst.c...
compiling filter_32_10.c...
compiling jdsample.c...
compiling jdcolor.c...
compiling flacplay.c...
compiling mjpeg.c...
compiling jquant1.c...
compiling wrppm.c...
compiling nes_crc32.c...
compiling apeplay.c...
compiling jquant2.c...
assembling 6502.s...
compiling jidctint.c...
compiling nes_apu.c...
compiling jdmerge.c...
compiling jmemnobs.c...
compiling usbh_ioreq.c...
compiling usbh_ctlreq.c...
compiling nes_ppu.c...
compiling usbd_ctlreq.c...
compiling usbh_pipes.c...
compiling usbh_core.c...
compiling usbd_ioreq.c...
compiling usbd_core.c...
compiling usbh_msc.c...
compiling nes_main.c...
compiling nes_mapper.c...
compiling usbh_msc_scsi.c...
compiling usbh_msc_bot.c...
compiling usbh_hid_mouse.c...
compiling usbh_hid_parser.c...
compiling usbd_msc.c...
compiling usbh_hid.c...
compiling usbd_msc_data.c...
compiling usbd_msc_scsi.c...
compiling usbh_hid_gamepad.c...
compiling usbd_msc_bot.c...
compiling usbh_hid_keybd.c...
compiling def.c...
compiling stm32f4xx_hal_hcd.c...
compiling stm32f4xx_hal_pcd_ex.c...
compiling stm32f4xx_hal_pcd.c...
compiling dns.c...
compiling dhcp.c...
compiling netif.c...
compiling usbd_desc.c...
compiling usbh_diskio.c...
compiling stm32f4xx_ll_usb.c...
compiling usbd_conf.c...
compiling raw.c...
compiling stats.c...
compiling usbd_storage.c...
compiling pyinput.c...
compiling atk_ncr.c...
compiling usbh_conf.c...
compiling t9input.c...
compiling tcp.c...
compiling autoip.c...
compiling tcp_out.c...
compiling tcp_in.c...
compiling igmp.c...
compiling udp.c...
compiling icmp.c...
compiling inet.c...
compiling inet_chksum.c...
compiling usb_app.c...
compiling ip.c...
compiling ip_frag.c...
compiling err.c...
compiling ip_addr.c...
compiling netbuf.c...
compiling netdb.c...
compiling netifapi.c...
compiling etharp.c...
compiling mem.c...
compiling init.c...
compiling pbuf.c...
compiling memp.c...
compiling fs.c...
compiling ethernetif.c...
compiling httpd.c...
compiling timers.c...
compiling sys_arch.c...
compiling tcpip.c...
compiling api_lib.c...
compiling httpd_cgi_ssi.c...
compiling api_msg.c...
compiling lwip_comm.c...
compiling sockets.c...
linking...
Program Size: Code=442528 RO-data=159948 RW-data=2028 ZI-data=1241532  
FromELF: creating hex file...
"..\..\Output\atk_f407.axf" - 0 Error(s), 0 Warning(s).

<h2>Software Packages used:</h2>

Package Vendor: Keil
                https://www.keil.com/pack/Keil.STM32F4xx_DFP.2.17.1.pack
                Keil.STM32F4xx_DFP.2.17.1
                STMicroelectronics STM32F4 Series Device Support, Drivers and Examples

<h2>Collection of Component include folders:</h2>
  .\RTE\_TEST
  D:\download_any\keil5\ARM\PACK\Keil\STM32F4xx_DFP\2.17.1\Drivers\CMSIS\Device\ST\STM32F4xx\Include

<h2>Collection of Component Files used:</h2>
Build Time Elapsed:  00:00:51
</pre>
</body>
</html>
